[1/144] U-P-01: has_error=0.38 sev=none faith=3.35 core=0.41 fine=0.54 sev2=none
[2/144] U-P-01__ref: has_error=0.17 sev=none faith=3.74 core=0.23 fine=0.4 sev2=none
[3/144] U-P-02: has_error=0.91 sev=critical faith=2.46 core=0.89 fine=0.9 sev2=substantially
[4/144] U-P-02__ref: has_error=0.22 sev=none faith=3.57 core=0.3 fine=0.37 sev2=none
[5/144] U-P-03: has_error=0.97 sev=critical faith=2.38 core=0.97 fine=0.96 sev2=substantially
[6/144] U-P-03__ref: has_error=0.16 sev=none faith=3.82 core=0.26 fine=0.37 sev2=none
[7/144] U-P-04: has_error=0.5 sev=minor faith=3.19 core=0.64 fine=0.72 sev2=slightly
[8/144] U-P-04__ref: has_error=0.28 sev=none faith=3.62 core=0.39 fine=0.5 sev2=none
[9/144] U-P-05: has_error=0.96 sev=critical faith=2.25 core=0.97 fine=0.96 sev2=substantially
[10/144] U-P-05__ref: has_error=0.1 sev=none faith=3.84 core=0.21 fine=0.33 sev2=none
[11/144] U-P-06: has_error=0.7 sev=major faith=2.81 core=0.72 fine=0.74 sev2=substantially
[12/144] U-P-06__ref: has_error=0.25 sev=none faith=3.52 core=0.32 fine=0.39 sev2=none
[13/144] U-P-07: has_error=0.53 sev=major faith=3.09 core=0.5 fine=0.52 sev2=substantially
[14/144] U-P-07__ref: has_error=0.35 sev=none faith=3.38 core=0.4 fine=0.44 sev2=none
[15/144] U-P-08: has_error=0.66 sev=critical faith=2.97 core=0.64 fine=0.71 sev2=substantially
[16/144] U-P-08__ref: has_error=0.39 sev=none faith=3.35 core=0.54 fine=0.59 sev2=none
[17/144] U-P-09: has_error=0.36 sev=none faith=3.38 core=0.31 fine=0.32 sev2=none
[18/144] U-P-09__ref: has_error=0.79 sev=critical faith=2.57 core=0.8 fine=0.82 sev2=completely
[19/144] U-P-10: has_error=0.98 sev=critical faith=1.28 core=0.97 fine=0.98 sev2=completely
[20/144] U-P-10__ref: has_error=0.15 sev=none faith=3.8 core=0.2 fine=0.29 sev2=none
[21/144] U-P-11: has_error=0.87 sev=critical faith=2.5 core=0.79 fine=0.71 sev2=substantially
[22/144] U-P-11__ref: has_error=0.29 sev=none faith=3.27 core=0.33 fine=0.37 sev2=none
[23/144] U-P-12: has_error=0.98 sev=critical faith=1.96 core=0.98 fine=0.97 sev2=substantially
[24/144] U-P-12__ref: has_error=0.32 sev=none faith=3.4 core=0.5 fine=0.43 sev2=none
[25/144] U-P-13: has_error=0.93 sev=critical faith=2.18 core=0.85 fine=0.85 sev2=completely
[26/144] U-P-13__ref: has_error=0.11 sev=none faith=3.87 core=0.23 fine=0.33 sev2=none
[27/144] U-P-14: has_error=0.95 sev=critical faith=1.96 core=0.96 fine=0.95 sev2=completely
[28/144] U-P-14__ref: has_error=0.23 sev=none faith=3.37 core=0.3 fine=0.36 sev2=none
[29/144] U-P-15: has_error=0.69 sev=minor faith=2.95 core=0.94 fine=0.96 sev2=slightly
[30/144] U-P-15__ref: has_error=0.12 sev=none faith=3.81 core=0.19 fine=0.3 sev2=none
[31/144] U-P-16: has_error=0.96 sev=critical faith=2.23 core=0.97 fine=0.94 sev2=completely
[32/144] U-P-16__ref: has_error=0.2 sev=none faith=3.67 core=0.23 fine=0.36 sev2=none
[33/144] U-P-17: has_error=0.93 sev=critical faith=2.08 core=0.95 fine=0.89 sev2=completely
[34/144] U-P-17__ref: has_error=0.16 sev=none faith=3.77 core=0.29 fine=0.44 sev2=none
[35/144] U-P-18: has_error=0.98 sev=critical faith=2.1 core=0.97 fine=0.98 sev2=substantially
[36/144] U-P-18__ref: has_error=0.12 sev=none faith=3.8 core=0.16 fine=0.27 sev2=none
[37/144] U-P-19: has_error=0.98 sev=critical faith=2.07 core=0.96 fine=0.96 sev2=substantially
[38/144] U-P-19__ref: has_error=0.22 sev=none faith=3.58 core=0.34 fine=0.58 sev2=none
[39/144] U-P-20: has_error=0.39 sev=none faith=3.23 core=0.32 fine=0.42 sev2=none
[40/144] U-P-20__ref: has_error=0.22 sev=none faith=3.67 core=0.27 fine=0.42 sev2=none
[41/144] U-P-21: has_error=0.94 sev=critical faith=2.31 core=0.93 fine=0.9 sev2=substantially
[42/144] U-P-21__ref: has_error=0.18 sev=none faith=3.65 core=0.19 fine=0.23 sev2=none
[43/144] U-P-22: has_error=0.91 sev=critical faith=2.24 core=0.94 fine=0.85 sev2=completely
[44/144] U-P-22__ref: has_error=0.13 sev=none faith=3.73 core=0.35 fine=0.6 sev2=none
[45/144] U-P-23: has_error=0.89 sev=critical faith=2.45 core=0.82 fine=0.82 sev2=substantially
[46/144] U-P-23__ref: has_error=0.13 sev=none faith=3.77 core=0.37 fine=0.48 sev2=none
[47/144] U-P-24: has_error=0.98 sev=critical faith=1.26 core=0.98 fine=0.97 sev2=completely
[48/144] U-P-24__ref: has_error=0.23 sev=none faith=3.51 core=0.25 fine=0.46 sev2=none
[49/144] U-P-25: has_error=0.88 sev=critical faith=1.97 core=0.84 fine=0.74 sev2=substantially
[50/144] U-P-25__ref: has_error=0.78 sev=major faith=2.37 core=0.67 fine=0.59 sev2=substantially
[51/144] U-P-26: has_error=0.56 sev=major faith=2.73 core=0.68 fine=0.73 sev2=substantially
[52/144] U-P-26__ref: has_error=0.49 sev=minor faith=3.11 core=0.42 fine=0.49 sev2=none
[53/144] U-P-27: has_error=0.9 sev=critical faith=2.13 core=0.89 fine=0.88 sev2=substantially
[54/144] U-P-27__ref: has_error=0.57 sev=major faith=2.94 core=0.43 fine=0.46 sev2=substantially
[55/144] U-R-01: has_error=0.6 sev=major faith=2.87 core=0.59 fine=0.6 sev2=substantially
[56/144] U-R-01__ref: has_error=0.44 sev=minor faith=3.28 core=0.43 fine=0.56 sev2=none
[57/144] U-R-02: has_error=0.65 sev=major faith=2.82 core=0.55 fine=0.54 sev2=substantially
[58/144] U-R-02__ref: has_error=0.39 sev=none faith=3.38 core=0.32 fine=0.38 sev2=none
[59/144] U-R-03: has_error=0.3 sev=none faith=3.34 core=0.33 fine=0.38 sev2=none
[60/144] U-R-03__ref: has_error=0.16 sev=none faith=3.68 core=0.18 fine=0.26 sev2=none
[61/144] U-R-04: has_error=0.46 sev=major faith=3.25 core=0.42 fine=0.51 sev2=none
[62/144] U-R-04__ref: has_error=0.22 sev=none faith=3.67 core=0.19 fine=0.32 sev2=none
[63/144] U-R-05: has_error=0.5 sev=minor faith=3.12 core=0.59 fine=0.68 sev2=none
[64/144] U-R-05__ref: has_error=0.19 sev=none faith=3.63 core=0.2 fine=0.31 sev2=none
[65/144] U-R-06: has_error=0.77 sev=major faith=2.69 core=0.66 fine=0.7 sev2=substantially
[66/144] U-R-06__ref: has_error=0.6 sev=major faith=3.07 core=0.59 fine=0.67 sev2=slightly
[67/144] U-R-07: has_error=0.68 sev=major faith=2.53 core=0.56 fine=0.54 sev2=substantially
[68/144] U-R-07__ref: has_error=0.18 sev=none faith=3.55 core=0.23 fine=0.31 sev2=none
[69/144] U-R-08: has_error=0.8 sev=major faith=2.54 core=0.8 fine=0.73 sev2=substantially
[70/144] U-R-08__ref: has_error=0.31 sev=none faith=3.55 core=0.3 fine=0.29 sev2=none
[71/144] U-R-09: has_error=0.44 sev=major faith=2.99 core=0.48 fine=0.6 sev2=slightly
[72/144] U-R-09__ref: has_error=0.27 sev=none faith=3.35 core=0.44 fine=0.55 sev2=none
[73/144] L-P-01: has_error=0.65 sev=major faith=3.1 core=0.59 fine=0.52 sev2=substantially
[74/144] L-P-01__ref: has_error=0.22 sev=none faith=3.66 core=0.25 fine=0.38 sev2=none
[75/144] L-P-02: has_error=0.47 sev=minor faith=3.23 core=0.54 fine=0.57 sev2=slightly
[76/144] L-P-02__ref: has_error=0.38 sev=none faith=3.39 core=0.5 fine=0.55 sev2=none
[77/144] L-P-03: has_error=0.82 sev=critical faith=2.35 core=0.7 fine=0.61 sev2=substantially
[78/144] L-P-03__ref: has_error=0.74 sev=major faith=2.63 core=0.59 fine=0.56 sev2=substantially
[79/144] L-P-04: has_error=0.53 sev=major faith=3.1 core=0.37 fine=0.47 sev2=none
[80/144] L-P-04__ref: has_error=0.67 sev=major faith=2.78 core=0.5 fine=0.51 sev2=substantially
[81/144] L-P-05: has_error=0.84 sev=critical faith=2.48 core=0.75 fine=0.61 sev2=substantially
[82/144] L-P-05__ref: has_error=0.49 sev=minor faith=3.09 core=0.55 fine=0.54 sev2=slightly
[83/144] L-P-06: has_error=0.51 sev=none faith=3.24 core=0.49 fine=0.57 sev2=none
[84/144] L-P-06__ref: has_error=0.22 sev=none faith=3.5 core=0.39 fine=0.54 sev2=none
[85/144] L-P-07: has_error=0.97 sev=critical faith=1.81 core=0.97 fine=0.82 sev2=completely
[86/144] L-P-07__ref: has_error=0.25 sev=none faith=3.68 core=0.34 fine=0.39 sev2=none
[87/144] L-P-08: has_error=0.89 sev=critical faith=2.24 core=0.9 fine=0.84 sev2=substantially
[88/144] L-P-08__ref: has_error=0.26 sev=none faith=3.56 core=0.36 fine=0.41 sev2=none
[89/144] L-P-09: has_error=0.92 sev=critical faith=1.98 core=0.89 fine=0.89 sev2=substantially
[90/144] L-P-09__ref: has_error=0.54 sev=minor faith=3.17 core=0.51 fine=0.59 sev2=slightly
[91/144] L-P-10: has_error=0.91 sev=critical faith=2.09 core=0.83 fine=0.86 sev2=completely
[92/144] L-P-10__ref: has_error=0.39 sev=none faith=3.26 core=0.4 fine=0.39 sev2=none
[93/144] L-P-11: has_error=0.64 sev=major faith=2.72 core=0.68 fine=0.61 sev2=slightly
[94/144] L-P-11__ref: has_error=0.3 sev=none faith=3.4 core=0.3 fine=0.32 sev2=none
[95/144] L-P-12: has_error=0.63 sev=critical faith=2.61 core=0.59 fine=0.54 sev2=completely
[96/144] L-P-12__ref: has_error=0.24 sev=none faith=3.61 core=0.21 fine=0.21 sev2=none
[97/144] L-P-13: has_error=0.96 sev=critical faith=2.01 core=0.95 fine=0.94 sev2=substantially
[98/144] L-P-13__ref: has_error=0.25 sev=none faith=3.56 core=0.26 fine=0.48 sev2=none
[99/144] L-P-14: has_error=0.97 sev=critical faith=2.13 core=0.98 fine=0.97 sev2=substantially
[100/144] L-P-14__ref: has_error=0.18 sev=none faith=3.69 core=0.23 fine=0.45 sev2=none
[101/144] L-P-15: has_error=0.45 sev=none faith=3.01 core=0.48 fine=0.42 sev2=none
[102/144] L-P-15__ref: has_error=0.54 sev=major faith=2.85 core=0.59 fine=0.44 sev2=substantially
[103/144] L-P-16: has_error=0.91 sev=major faith=2.23 core=0.9 fine=0.76 sev2=substantially
[104/144] L-P-16__ref: has_error=0.17 sev=none faith=3.7 core=0.19 fine=0.26 sev2=none
[105/144] L-P-17: has_error=0.98 sev=critical faith=1.9 core=0.98 fine=0.97 sev2=substantially
[106/144] L-P-17__ref: has_error=0.46 sev=none faith=3.16 core=0.49 fine=0.65 sev2=none
[107/144] L-P-18: has_error=0.84 sev=critical faith=2.64 core=0.85 fine=0.77 sev2=substantially
[108/144] L-P-18__ref: has_error=0.5 sev=none faith=3.31 core=0.65 fine=0.69 sev2=slightly
[109/144] L-P-19: has_error=0.84 sev=major faith=2.42 core=0.84 fine=0.85 sev2=substantially
[110/144] L-P-19__ref: has_error=0.35 sev=none faith=3.34 core=0.46 fine=0.4 sev2=none
[111/144] L-P-20: has_error=0.87 sev=major faith=2.25 core=0.88 fine=0.76 sev2=substantially
[112/144] L-P-20__ref: has_error=0.6 sev=major faith=3.11 core=0.51 fine=0.59 sev2=none
[113/144] L-P-21: has_error=0.69 sev=critical faith=2.6 core=0.63 fine=0.68 sev2=substantially
[114/144] L-P-21__ref: has_error=0.42 sev=none faith=3.2 core=0.35 fine=0.59 sev2=none
[115/144] L-P-22: has_error=0.46 sev=none faith=3.19 core=0.58 fine=0.56 sev2=slightly
[116/144] L-P-22__ref: has_error=0.1 sev=none faith=3.81 core=0.27 fine=0.29 sev2=none
[117/144] L-P-23: has_error=0.89 sev=critical faith=1.93 core=0.86 fine=0.74 sev2=completely
[118/144] L-P-23__ref: has_error=0.41 sev=none faith=3.23 core=0.45 fine=0.48 sev2=none
[119/144] L-P-24: has_error=0.97 sev=critical faith=2.22 core=0.96 fine=0.97 sev2=substantially
[120/144] L-P-24__ref: has_error=0.18 sev=none faith=3.62 core=0.39 fine=0.41 sev2=none
[121/144] L-P-25: has_error=0.91 sev=critical faith=1.92 core=0.93 fine=0.85 sev2=substantially
[122/144] L-P-25__ref: has_error=0.77 sev=major faith=2.74 core=0.78 fine=0.7 sev2=slightly
[123/144] L-P-26: has_error=0.61 sev=minor faith=3.09 core=0.52 fine=0.7 sev2=slightly
[124/144] L-P-26__ref: has_error=0.28 sev=none faith=3.57 core=0.26 fine=0.38 sev2=none
[125/144] L-P-27: has_error=0.96 sev=critical faith=1.38 core=0.96 fine=0.95 sev2=completely
[126/144] L-P-27__ref: has_error=0.6 sev=major faith=2.94 core=0.55 fine=0.66 sev2=slightly
[127/144] L-P-28: has_error=0.95 sev=critical faith=1.44 core=0.92 fine=0.89 sev2=completely
[128/144] L-P-28__ref: has_error=0.36 sev=minor faith=3.2 core=0.52 fine=0.53 sev2=none
[129/144] L-P-29: has_error=0.9 sev=critical faith=2.46 core=0.88 fine=0.9 sev2=completely
[130/144] L-P-29__ref: has_error=0.48 sev=none faith=2.93 core=0.44 fine=0.55 sev2=none
[131/144] L-P-30: has_error=0.94 sev=critical faith=1.83 core=0.94 fine=0.91 sev2=completely
[132/144] L-P-30__ref: has_error=0.35 sev=none faith=3.47 core=0.3 fine=0.38 sev2=none
[133/144] U-V-01: has_error=0.26 sev=none faith=3.46 core=0.37 fine=0.53 sev2=none
[134/144] U-V-02: has_error=0.19 sev=none faith=3.72 core=0.24 fine=0.44 sev2=none
[135/144] U-V-03: has_error=0.08 sev=none faith=3.86 core=0.13 fine=0.18 sev2=none
[136/144] U-V-04: has_error=0.09 sev=none faith=3.89 core=0.21 fine=0.26 sev2=none
[137/144] U-V-05: has_error=0.09 sev=none faith=3.88 core=0.21 fine=0.31 sev2=none
[138/144] U-V-06: has_error=0.09 sev=none faith=3.86 core=0.24 fine=0.3 sev2=none
[139/144] L-V-01: has_error=0.13 sev=none faith=3.79 core=0.22 fine=0.49 sev2=none
[140/144] L-V-02: has_error=0.51 sev=none faith=3.33 core=0.72 fine=0.72 sev2=none
[141/144] L-V-03: has_error=0.13 sev=none faith=3.86 core=0.26 fine=0.43 sev2=none
[142/144] L-V-04: has_error=0.12 sev=none faith=3.82 core=0.24 fine=0.34 sev2=none
[143/144] L-V-05: has_error=0.28 sev=none faith=3.61 core=0.59 fine=0.72 sev2=none
[144/144] L-V-06: has_error=0.17 sev=none faith=3.76 core=0.25 fine=0.33 sev2=none

wrote ..\..\04_translation_work\ab\antiquitates_ch2\mqm\fluent_v2\runs\jev_mqm_on_v2.jsonl
