[1/107] H-01: has_error=0.5 sev=none faith=3.2
[2/107] H-01__neg: has_error=0.5 sev=none faith=3.24
[3/107] H-02: has_error=0.35 sev=none faith=3.57
[4/107] H-02__neg: has_error=0.42 sev=none faith=3.22
[5/107] H-03: has_error=0.25 sev=none faith=3.5
[6/107] H-03__neg: has_error=0.25 sev=none faith=3.59
[7/107] H-04: has_error=0.17 sev=none faith=3.71
[8/107] H-04__neg: has_error=0.21 sev=none faith=3.71
[9/107] H-05: has_error=0.39 sev=none faith=3.25
[10/107] H-05__neg: has_error=0.33 sev=none faith=3.25
[11/107] H-06: has_error=0.48 sev=major faith=3.07
[12/107] H-06__neg: has_error=0.36 sev=none faith=3.31
[13/107] H-07: has_error=0.53 sev=major faith=3.08
[14/107] H-07__neg: has_error=0.5 sev=none faith=3.08
[15/107] H-08: has_error=0.15 sev=none faith=3.78
[16/107] H-08__neg: has_error=0.26 sev=none faith=3.63
[17/107] H-09: has_error=0.32 sev=none faith=3.44
[18/107] H-09__neg: has_error=0.15 sev=none faith=3.8
[19/107] H-10: has_error=0.3 sev=none faith=3.39
[20/107] H-10__neg: has_error=0.28 sev=none faith=3.54
[21/107] H-11: has_error=0.59 sev=major faith=2.89
[22/107] H-11__neg: has_error=0.66 sev=major faith=2.88
[23/107] H-12: has_error=0.1 sev=none faith=3.76
[24/107] H-12__neg: has_error=0.1 sev=none faith=3.86
[25/107] H-13: has_error=0.18 sev=none faith=3.67
[26/107] H-13__neg: has_error=0.16 sev=none faith=3.75
[27/107] S-01: has_error=0.53 sev=none faith=2.94
[28/107] S-01__neg: has_error=0.21 sev=none faith=3.67
[29/107] S-02: has_error=0.91 sev=critical faith=2.06
[30/107] S-02__neg: has_error=0.14 sev=none faith=3.76
[31/107] S-03: has_error=0.89 sev=critical faith=2.07
[32/107] S-03__neg: has_error=0.16 sev=none faith=3.69
[33/107] S-04: has_error=0.97 sev=critical faith=1.83
[34/107] S-04__neg: has_error=0.23 sev=none faith=3.6
[35/107] S-05: has_error=0.96 sev=critical faith=2.1
[36/107] S-05__neg: has_error=0.18 sev=none faith=3.7
[37/107] S-06: has_error=0.77 sev=major faith=2.48
[38/107] S-06__neg: has_error=0.22 sev=none faith=3.72
[39/107] S-07: has_error=0.49 sev=minor faith=2.95
[40/107] S-07__neg: has_error=0.3 sev=none faith=3.4
[41/107] S-08: has_error=0.3 sev=none faith=3.49
[42/107] S-08__neg: has_error=0.28 sev=none faith=3.39
[43/107] S-09: has_error=0.24 sev=none faith=3.62
[44/107] S-09__neg: has_error=0.18 sev=none faith=3.67
[45/107] S-10: has_error=0.45 sev=minor faith=3.51
[46/107] S-10__neg: has_error=0.18 sev=none faith=3.67
[47/107] S-11: has_error=0.28 sev=none faith=3.49
[48/107] S-11__neg: has_error=0.3 sev=none faith=3.49
[49/107] S-12: has_error=0.3 sev=none faith=3.32
[50/107] S-12__neg: has_error=0.21 sev=none faith=3.61
[51/107] S-13: has_error=0.27 sev=none faith=3.41
[52/107] S-13__neg: has_error=0.16 sev=none faith=3.43
[53/107] S-14: has_error=0.17 sev=none faith=3.68
[54/107] S-14__neg: has_error=0.15 sev=none faith=3.83
[55/107] S-15: has_error=0.54 sev=none faith=3.16
[56/107] S-15__neg: has_error=0.39 sev=none faith=3.46
[57/107] S-16: has_error=0.57 sev=major faith=3.04
[58/107] S-16__neg: has_error=0.21 sev=none faith=3.59
[59/107] S-17: has_error=0.47 sev=none faith=3.23
[60/107] S-17__neg: has_error=0.12 sev=none faith=3.86
[61/107] S-18: has_error=0.26 sev=none faith=3.49
[62/107] S-18__neg: has_error=0.24 sev=none faith=3.51
[63/107] S-19: has_error=0.26 sev=none faith=3.54
[64/107] S-19__neg: has_error=0.16 sev=none faith=3.76
[65/107] S-20: has_error=0.82 sev=major faith=2.42
[66/107] S-20__neg: has_error=0.14 sev=none faith=3.78
[67/107] S-21: has_error=0.81 sev=critical faith=2.45
[68/107] S-21__neg: has_error=0.09 sev=none faith=3.75
[69/107] S-22: has_error=0.27 sev=none faith=3.46
[70/107] S-22__neg: has_error=0.08 sev=none faith=3.9
[71/107] S-23: has_error=0.75 sev=critical faith=2.5
[72/107] S-23__neg: has_error=0.22 sev=none faith=3.58
[73/107] S-24: has_error=0.97 sev=critical faith=2.07
[74/107] S-24__neg: has_error=0.15 sev=none faith=3.8
[75/107] S-25: has_error=0.26 sev=none faith=3.53
[76/107] S-25__neg: has_error=0.14 sev=none faith=3.78
[77/107] S-26: has_error=0.19 sev=none faith=3.52
[78/107] S-26__neg: has_error=0.13 sev=none faith=3.85
[79/107] S-27: has_error=0.96 sev=critical faith=1.77
[80/107] S-27__neg: has_error=0.1 sev=none faith=3.86
[81/107] S-28: has_error=0.63 sev=major faith=2.9
[82/107] S-28__neg: has_error=0.42 sev=none faith=3.28
[83/107] S-29: has_error=0.94 sev=critical faith=1.9
[84/107] S-29__neg: has_error=0.25 sev=none faith=3.52
[85/107] S-30: has_error=0.71 sev=major faith=2.81
[86/107] S-30__neg: has_error=0.09 sev=none faith=3.82
[87/107] S-31: has_error=0.81 sev=critical faith=2.55
[88/107] S-31__neg: has_error=0.09 sev=none faith=3.9
[89/107] S-32: has_error=0.38 sev=none faith=3.43
[90/107] S-32__neg: has_error=0.18 sev=none faith=3.7
[91/107] S-33: has_error=0.49 sev=none faith=3.29
[92/107] S-33__neg: has_error=0.16 sev=none faith=3.75
[93/107] S-34: has_error=0.62 sev=major faith=2.85
[94/107] S-34__neg: has_error=0.17 sev=none faith=3.76
[95/107] B-01: has_error=0.33 sev=none faith=3.46
[96/107] B-02: has_error=0.57 sev=minor faith=3.1
[97/107] B-03: has_error=0.15 sev=none faith=3.65
[98/107] B-04: has_error=0.56 sev=none faith=3.32
[99/107] B-05: has_error=0.19 sev=none faith=3.65
[100/107] B-06: has_error=0.09 sev=none faith=3.88
[101/107] V1-p0033_s0002_opus__them_him: has_error=0.22 sev=none faith=3.43
[102/107] V1-p0043_s0009_opus__illo_pudens: has_error=0.83 sev=critical faith=2.29
[103/107] V1-p0043_s0009_gemini__cum_when: has_error=0.61 sev=major faith=2.73
[104/107] V1-p0039_l0002_v2__in_to: has_error=0.07 sev=none faith=3.93
[105/107] V1-p0033_s0001_opus__sonant: has_error=0.13 sev=none faith=3.7
[106/107] V1-p0039_l0002_v0__to_western: has_error=0.15 sev=none faith=3.78
[107/107] V1-p0033_s0002__neg_gemini: has_error=0.12 sev=none faith=3.69

wrote ..\..\04_translation_work\ab\antiquitates_ch2\mqm\fluent_v3\runs\jev_on_v3_run2.jsonl
