[1/107] H-01: has_error=0.52 sev=none faith=3.15 core=0.67 fine=0.75 sev2=slightly
[2/107] H-01__neg: has_error=0.48 sev=none faith=3.26 core=0.64 fine=0.74 sev2=slightly
[3/107] H-02: has_error=0.24 sev=none faith=3.6 core=0.44 fine=0.39 sev2=none
[4/107] H-02__neg: has_error=0.43 sev=none faith=3.23 core=0.42 fine=0.43 sev2=none
[5/107] H-03: has_error=0.27 sev=none faith=3.47 core=0.42 fine=0.68 sev2=none
[6/107] H-03__neg: has_error=0.27 sev=none faith=3.56 core=0.39 fine=0.6 sev2=none
[7/107] H-04: has_error=0.17 sev=none faith=3.69 core=0.25 fine=0.38 sev2=none
[8/107] H-04__neg: has_error=0.21 sev=none faith=3.69 core=0.26 fine=0.4 sev2=none
[9/107] H-05: has_error=0.41 sev=none faith=3.26 core=0.48 fine=0.56 sev2=none
[10/107] H-05__neg: has_error=0.3 sev=none faith=3.41 core=0.44 fine=0.46 sev2=none
[11/107] H-06: has_error=0.5 sev=major faith=3.05 core=0.6 fine=0.55 sev2=slightly
[12/107] H-06__neg: has_error=0.36 sev=none faith=3.33 core=0.44 fine=0.47 sev2=none
[13/107] H-07: has_error=0.48 sev=major faith=3.16 core=0.42 fine=0.56 sev2=none
[14/107] H-07__neg: has_error=0.47 sev=none faith=3.13 core=0.4 fine=0.53 sev2=none
[15/107] H-08: has_error=0.14 sev=none faith=3.77 core=0.24 fine=0.38 sev2=none
[16/107] H-08__neg: has_error=0.25 sev=none faith=3.6 core=0.38 fine=0.62 sev2=none
[17/107] H-09: has_error=0.31 sev=none faith=3.38 core=0.45 fine=0.6 sev2=none
[18/107] H-09__neg: has_error=0.14 sev=none faith=3.79 core=0.18 fine=0.3 sev2=none
[19/107] H-10: has_error=0.31 sev=none faith=3.44 core=0.3 fine=0.39 sev2=none
[20/107] H-10__neg: has_error=0.3 sev=none faith=3.58 core=0.4 fine=0.47 sev2=none
[21/107] H-11: has_error=0.62 sev=major faith=2.83 core=0.57 fine=0.53 sev2=substantially
[22/107] H-11__neg: has_error=0.63 sev=major faith=2.89 core=0.59 fine=0.58 sev2=substantially
[23/107] H-12: has_error=0.1 sev=none faith=3.79 core=0.21 fine=0.27 sev2=none
[24/107] H-12__neg: has_error=0.09 sev=none faith=3.86 core=0.18 fine=0.38 sev2=none
[25/107] H-13: has_error=0.17 sev=none faith=3.7 core=0.29 fine=0.28 sev2=none
[26/107] H-13__neg: has_error=0.17 sev=none faith=3.75 core=0.26 fine=0.45 sev2=none
[27/107] S-01: has_error=0.52 sev=none faith=3.08 core=0.4 fine=0.59 sev2=substantially
[28/107] S-01__neg: has_error=0.2 sev=none faith=3.67 core=0.38 fine=0.5 sev2=none
[29/107] S-02: has_error=0.92 sev=critical faith=1.94 core=0.92 fine=0.95 sev2=completely
[30/107] S-02__neg: has_error=0.13 sev=none faith=3.73 core=0.16 fine=0.18 sev2=none
[31/107] S-03: has_error=0.89 sev=critical faith=1.93 core=0.85 fine=0.87 sev2=completely
[32/107] S-03__neg: has_error=0.17 sev=none faith=3.69 core=0.19 fine=0.32 sev2=none
[33/107] S-04: has_error=0.96 sev=critical faith=1.87 core=0.96 fine=0.96 sev2=substantially
[34/107] S-04__neg: has_error=0.24 sev=none faith=3.59 core=0.34 fine=0.4 sev2=none
[35/107] S-05: has_error=0.96 sev=critical faith=2.11 core=0.96 fine=0.9 sev2=substantially
[36/107] S-05__neg: has_error=0.2 sev=none faith=3.71 core=0.25 fine=0.49 sev2=none
[37/107] S-06: has_error=0.81 sev=major faith=2.42 core=0.68 fine=0.74 sev2=substantially
[38/107] S-06__neg: has_error=0.21 sev=none faith=3.66 core=0.27 fine=0.38 sev2=none
[39/107] S-07: has_error=0.54 sev=minor faith=3.05 core=0.49 fine=0.68 sev2=slightly
[40/107] S-07__neg: has_error=0.3 sev=none faith=3.42 core=0.46 fine=0.61 sev2=none
[41/107] S-08: has_error=0.27 sev=none faith=3.49 core=0.26 fine=0.32 sev2=none
[42/107] S-08__neg: has_error=0.27 sev=none faith=3.49 core=0.26 fine=0.34 sev2=none
[43/107] S-09: has_error=0.24 sev=none faith=3.6 core=0.25 fine=0.4 sev2=none
[44/107] S-09__neg: has_error=0.21 sev=none faith=3.66 core=0.22 fine=0.34 sev2=none
[45/107] S-10: has_error=0.43 sev=minor faith=3.45 core=0.6 fine=0.75 sev2=none
[46/107] S-10__neg: has_error=0.19 sev=none faith=3.67 core=0.26 fine=0.32 sev2=none
[47/107] S-11: has_error=0.31 sev=none faith=3.43 core=0.29 fine=0.42 sev2=none
[48/107] S-11__neg: has_error=0.3 sev=none faith=3.53 core=0.28 fine=0.47 sev2=none
[49/107] S-12: has_error=0.26 sev=none faith=3.44 core=0.38 fine=0.47 sev2=none
[50/107] S-12__neg: has_error=0.23 sev=none faith=3.6 core=0.38 fine=0.46 sev2=none
[51/107] S-13: has_error=0.33 sev=none faith=3.38 core=0.36 fine=0.43 sev2=none
[52/107] S-13__neg: has_error=0.17 sev=none faith=3.37 core=0.37 fine=0.46 sev2=none
[53/107] S-14: has_error=0.17 sev=none faith=3.72 core=0.24 fine=0.51 sev2=none
[54/107] S-14__neg: has_error=0.13 sev=none faith=3.84 core=0.16 fine=0.43 sev2=none
[55/107] S-15: has_error=0.48 sev=none faith=3.27 core=0.45 fine=0.58 sev2=none
[56/107] S-15__neg: has_error=0.34 sev=none faith=3.49 core=0.41 fine=0.58 sev2=none
[57/107] S-16: has_error=0.43 sev=none faith=3.25 core=0.36 fine=0.44 sev2=none
[58/107] S-16__neg: has_error=0.21 sev=none faith=3.55 core=0.28 fine=0.41 sev2=none
[59/107] S-17: has_error=0.26 sev=none faith=3.43 core=0.4 fine=0.52 sev2=none
[60/107] S-17__neg: has_error=0.11 sev=none faith=3.87 core=0.18 fine=0.29 sev2=none
[61/107] S-18: has_error=0.25 sev=none faith=3.49 core=0.38 fine=0.59 sev2=none
[62/107] S-18__neg: has_error=0.25 sev=none faith=3.59 core=0.37 fine=0.6 sev2=none
[63/107] S-19: has_error=0.23 sev=none faith=3.6 core=0.31 fine=0.46 sev2=none
[64/107] S-19__neg: has_error=0.18 sev=none faith=3.71 core=0.24 fine=0.41 sev2=none
[65/107] S-20: has_error=0.81 sev=major faith=2.41 core=0.68 fine=0.62 sev2=substantially
[66/107] S-20__neg: has_error=0.16 sev=none faith=3.77 core=0.23 fine=0.54 sev2=none
[67/107] S-21: has_error=0.78 sev=critical faith=2.57 core=0.71 fine=0.69 sev2=completely
[68/107] S-21__neg: has_error=0.09 sev=none faith=3.78 core=0.14 fine=0.35 sev2=none
[69/107] S-22: has_error=0.39 sev=none faith=3.31 core=0.63 fine=0.65 sev2=none
[70/107] S-22__neg: has_error=0.08 sev=none faith=3.87 core=0.17 fine=0.39 sev2=none
[71/107] S-23: has_error=0.79 sev=critical faith=2.39 core=0.76 fine=0.64 sev2=completely
[72/107] S-23__neg: has_error=0.22 sev=none faith=3.63 core=0.29 fine=0.55 sev2=none
[73/107] S-24: has_error=0.97 sev=critical faith=2.05 core=0.96 fine=0.97 sev2=substantially
[74/107] S-24__neg: has_error=0.14 sev=none faith=3.83 core=0.21 fine=0.38 sev2=none
[75/107] S-25: has_error=0.24 sev=none faith=3.51 core=0.3 fine=0.37 sev2=none
[76/107] S-25__neg: has_error=0.16 sev=none faith=3.77 core=0.2 fine=0.26 sev2=none
[77/107] S-26: has_error=0.18 sev=none faith=3.65 core=0.24 fine=0.37 sev2=none
[78/107] S-26__neg: has_error=0.13 sev=none faith=3.86 core=0.28 fine=0.29 sev2=none
[79/107] S-27: has_error=0.96 sev=critical faith=1.79 core=0.96 fine=0.89 sev2=completely
[80/107] S-27__neg: has_error=0.1 sev=none faith=3.85 core=0.16 fine=0.22 sev2=none
[81/107] S-28: has_error=0.63 sev=major faith=2.96 core=0.72 fine=0.76 sev2=substantially
[82/107] S-28__neg: has_error=0.4 sev=none faith=3.35 core=0.61 fine=0.7 sev2=none
[83/107] S-29: has_error=0.94 sev=critical faith=1.89 core=0.95 fine=0.95 sev2=completely
[84/107] S-29__neg: has_error=0.27 sev=none faith=3.43 core=0.31 fine=0.36 sev2=none
[85/107] S-30: has_error=0.67 sev=major faith=2.9 core=0.48 fine=0.54 sev2=substantially
[86/107] S-30__neg: has_error=0.1 sev=none faith=3.83 core=0.13 fine=0.24 sev2=none
[87/107] S-31: has_error=0.79 sev=critical faith=2.64 core=0.7 fine=0.78 sev2=substantially
[88/107] S-31__neg: has_error=0.09 sev=none faith=3.89 core=0.15 fine=0.21 sev2=none
[89/107] S-32: has_error=0.35 sev=none faith=3.45 core=0.35 fine=0.51 sev2=none
[90/107] S-32__neg: has_error=0.23 sev=none faith=3.63 core=0.26 fine=0.43 sev2=none
[91/107] S-33: has_error=0.51 sev=none faith=3.25 core=0.51 fine=0.54 sev2=none
[92/107] S-33__neg: has_error=0.16 sev=none faith=3.77 core=0.22 fine=0.5 sev2=none
[93/107] S-34: has_error=0.64 sev=major faith=2.84 core=0.51 fine=0.49 sev2=none
[94/107] S-34__neg: has_error=0.17 sev=none faith=3.76 core=0.16 fine=0.27 sev2=none
[95/107] B-01: has_error=0.29 sev=none faith=3.52 core=0.48 fine=0.51 sev2=none
[96/107] B-02: has_error=0.5 sev=minor faith=3.07 core=0.54 fine=0.65 sev2=none
[97/107] B-03: has_error=0.16 sev=none faith=3.65 core=0.24 fine=0.29 sev2=none
[98/107] B-04: has_error=0.49 sev=none faith=3.41 core=0.67 fine=0.74 sev2=none
[99/107] B-05: has_error=0.19 sev=none faith=3.7 core=0.38 fine=0.51 sev2=none
[100/107] B-06: has_error=0.1 sev=none faith=3.88 core=0.23 fine=0.29 sev2=none
[101/107] V1-p0033_s0002_opus__them_him: has_error=0.2 sev=none faith=3.52 core=0.27 fine=0.46 sev2=none
[102/107] V1-p0043_s0009_opus__illo_pudens: has_error=0.86 sev=critical faith=2.19 core=0.91 fine=0.93 sev2=substantially
[103/107] V1-p0043_s0009_gemini__cum_when: has_error=0.65 sev=major faith=2.66 core=0.55 fine=0.67 sev2=none
[104/107] V1-p0039_l0002_v2__in_to: has_error=0.08 sev=none faith=3.93 core=0.11 fine=0.16 sev2=none
[105/107] V1-p0033_s0001_opus__sonant: has_error=0.11 sev=none faith=3.69 core=0.31 fine=0.46 sev2=none
[106/107] V1-p0039_l0002_v0__to_western: has_error=0.18 sev=none faith=3.78 core=0.17 fine=0.2 sev2=none
[107/107] V1-p0033_s0002__neg_gemini: has_error=0.12 sev=none faith=3.69 core=0.26 fine=0.57 sev2=none

wrote ..\..\04_translation_work\ab\antiquitates_ch2\mqm\fluent_v3\runs\jev_mqm_on_v3_run2.jsonl
