[1/107] H-01: has_error=0.48 sev=none faith=3.24
[2/107] H-01__neg: has_error=0.48 sev=none faith=3.31
[3/107] H-02: has_error=0.26 sev=none faith=3.61
[4/107] H-02__neg: has_error=0.43 sev=none faith=3.26
[5/107] H-03: has_error=0.34 sev=none faith=3.38
[6/107] H-03__neg: has_error=0.28 sev=none faith=3.55
[7/107] H-04: has_error=0.17 sev=none faith=3.69
[8/107] H-04__neg: has_error=0.19 sev=none faith=3.7
[9/107] H-05: has_error=0.41 sev=none faith=3.31
[10/107] H-05__neg: has_error=0.32 sev=none faith=3.3
[11/107] H-06: has_error=0.53 sev=major faith=3.06
[12/107] H-06__neg: has_error=0.39 sev=none faith=3.29
[13/107] H-07: has_error=0.5 sev=major faith=3.11
[14/107] H-07__neg: has_error=0.47 sev=none faith=3.08
[15/107] H-08: has_error=0.16 sev=none faith=3.76
[16/107] H-08__neg: has_error=0.24 sev=none faith=3.62
[17/107] H-09: has_error=0.3 sev=none faith=3.4
[18/107] H-09__neg: has_error=0.15 sev=none faith=3.81
[19/107] H-10: has_error=0.3 sev=none faith=3.46
[20/107] H-10__neg: has_error=0.25 sev=none faith=3.58
[21/107] H-11: has_error=0.57 sev=major faith=2.95
[22/107] H-11__neg: has_error=0.67 sev=major faith=2.79
[23/107] H-12: has_error=0.11 sev=none faith=3.76
[24/107] H-12__neg: has_error=0.09 sev=none faith=3.87
[25/107] H-13: has_error=0.16 sev=none faith=3.71
[26/107] H-13__neg: has_error=0.16 sev=none faith=3.77
[27/107] S-01: has_error=0.48 sev=none faith=3.08
[28/107] S-01__neg: has_error=0.2 sev=none faith=3.63
[29/107] S-02: has_error=0.91 sev=critical faith=2.03
[30/107] S-02__neg: has_error=0.14 sev=none faith=3.77
[31/107] S-03: has_error=0.86 sev=critical faith=2.04
[32/107] S-03__neg: has_error=0.15 sev=none faith=3.75
[33/107] S-04: has_error=0.97 sev=critical faith=1.83
[34/107] S-04__neg: has_error=0.23 sev=none faith=3.64
[35/107] S-05: has_error=0.96 sev=critical faith=2.08
[36/107] S-05__neg: has_error=0.2 sev=none faith=3.68
[37/107] S-06: has_error=0.77 sev=major faith=2.48
[38/107] S-06__neg: has_error=0.18 sev=none faith=3.71
[39/107] S-07: has_error=0.46 sev=none faith=3.09
[40/107] S-07__neg: has_error=0.28 sev=none faith=3.41
[41/107] S-08: has_error=0.28 sev=none faith=3.51
[42/107] S-08__neg: has_error=0.27 sev=none faith=3.47
[43/107] S-09: has_error=0.23 sev=none faith=3.62
[44/107] S-09__neg: has_error=0.2 sev=none faith=3.68
[45/107] S-10: has_error=0.46 sev=minor faith=3.47
[46/107] S-10__neg: has_error=0.19 sev=none faith=3.64
[47/107] S-11: has_error=0.3 sev=none faith=3.49
[48/107] S-11__neg: has_error=0.29 sev=none faith=3.5
[49/107] S-12: has_error=0.35 sev=none faith=3.3
[50/107] S-12__neg: has_error=0.19 sev=none faith=3.69
[51/107] S-13: has_error=0.31 sev=none faith=3.43
[52/107] S-13__neg: has_error=0.17 sev=none faith=3.46
[53/107] S-14: has_error=0.19 sev=none faith=3.66
[54/107] S-14__neg: has_error=0.14 sev=none faith=3.83
[55/107] S-15: has_error=0.51 sev=none faith=3.22
[56/107] S-15__neg: has_error=0.31 sev=none faith=3.49
[57/107] S-16: has_error=0.53 sev=none faith=3.13
[58/107] S-16__neg: has_error=0.2 sev=none faith=3.56
[59/107] S-17: has_error=0.35 sev=none faith=3.37
[60/107] S-17__neg: has_error=0.12 sev=none faith=3.85
[61/107] S-18: has_error=0.25 sev=none faith=3.54
[62/107] S-18__neg: has_error=0.24 sev=none faith=3.44
[63/107] S-19: has_error=0.27 sev=none faith=3.54
[64/107] S-19__neg: has_error=0.16 sev=none faith=3.71
[65/107] S-20: has_error=0.81 sev=major faith=2.4
[66/107] S-20__neg: has_error=0.17 sev=none faith=3.77
[67/107] S-21: has_error=0.8 sev=critical faith=2.56
[68/107] S-21__neg: has_error=0.08 sev=none faith=3.77
[69/107] S-22: has_error=0.48 sev=none faith=3.25
[70/107] S-22__neg: has_error=0.09 sev=none faith=3.88
[71/107] S-23: has_error=0.78 sev=critical faith=2.46
[72/107] S-23__neg: has_error=0.21 sev=none faith=3.64
[73/107] S-24: has_error=0.97 sev=critical faith=2.07
[74/107] S-24__neg: has_error=0.15 sev=none faith=3.8
[75/107] S-25: has_error=0.24 sev=none faith=3.54
[76/107] S-25__neg: has_error=0.16 sev=none faith=3.75
[77/107] S-26: has_error=0.18 sev=none faith=3.67
[78/107] S-26__neg: has_error=0.13 sev=none faith=3.86
[79/107] S-27: has_error=0.96 sev=critical faith=1.72
[80/107] S-27__neg: has_error=0.11 sev=none faith=3.86
[81/107] S-28: has_error=0.6 sev=minor faith=2.98
[82/107] S-28__neg: has_error=0.4 sev=none faith=3.35
[83/107] S-29: has_error=0.93 sev=critical faith=1.94
[84/107] S-29__neg: has_error=0.27 sev=none faith=3.5
[85/107] S-30: has_error=0.64 sev=major faith=2.93
[86/107] S-30__neg: has_error=0.09 sev=none faith=3.83
[87/107] S-31: has_error=0.81 sev=critical faith=2.61
[88/107] S-31__neg: has_error=0.1 sev=none faith=3.89
[89/107] S-32: has_error=0.37 sev=none faith=3.36
[90/107] S-32__neg: has_error=0.19 sev=none faith=3.69
[91/107] S-33: has_error=0.5 sev=none faith=3.25
[92/107] S-33__neg: has_error=0.18 sev=none faith=3.76
[93/107] S-34: has_error=0.66 sev=major faith=2.83
[94/107] S-34__neg: has_error=0.17 sev=none faith=3.77
[95/107] B-01: has_error=0.31 sev=none faith=3.49
[96/107] B-02: has_error=0.53 sev=minor faith=3.07
[97/107] B-03: has_error=0.17 sev=none faith=3.61
[98/107] B-04: has_error=0.51 sev=none faith=3.32
[99/107] B-05: has_error=0.23 sev=none faith=3.64
[100/107] B-06: has_error=0.1 sev=none faith=3.88
[101/107] V1-p0033_s0002_opus__them_him: has_error=0.21 sev=none faith=3.46
[102/107] V1-p0043_s0009_opus__illo_pudens: has_error=0.86 sev=critical faith=2.2
[103/107] V1-p0043_s0009_gemini__cum_when: has_error=0.58 sev=major faith=2.73
[104/107] V1-p0039_l0002_v2__in_to: has_error=0.08 sev=none faith=3.93
[105/107] V1-p0033_s0001_opus__sonant: has_error=0.11 sev=none faith=3.73
[106/107] V1-p0039_l0002_v0__to_western: has_error=0.13 sev=none faith=3.8
[107/107] V1-p0033_s0002__neg_gemini: has_error=0.13 sev=none faith=3.76

wrote ..\..\04_translation_work\ab\antiquitates_ch2\mqm\fluent_v3\runs\jev_on_v3.jsonl
